Downloading: nvd-clojure/nvd-clojure/maven-metadata.xml from clojars
Downloading: nvd-clojure/nvd-clojure/5.3.0/nvd-clojure-5.3.0.pom from clojars
Downloading: com/google/errorprone/error_prone_annotations/2.46.0/error_prone_annotations-2.46.0.pom from central
Downloading: org/slf4j/slf4j-simple/2.0.17/slf4j-simple-2.0.17.pom from central
Downloading: clansi/clansi/1.0.0/clansi-1.0.0.pom from clojars
Downloading: org/owasp/dependency-check-core/12.2.0/dependency-check-core-12.2.0.pom from central
Downloading: com/google/errorprone/error_prone_parent/2.46.0/error_prone_parent-2.46.0.pom from central
Downloading: org/owasp/dependency-check-parent/12.2.0/dependency-check-parent-12.2.0.pom from central
Downloading: rm-hull/table/0.7.1/table-0.7.1.pom from clojars
Downloading: com/fasterxml/jackson/jackson-bom/2.20.1/jackson-bom-2.20.1.pom from central
Downloading: io/github/jeremylong/open-vulnerability-clients/9.0.2/open-vulnerability-clients-9.0.2.pom from central
Downloading: org/anarres/jdiagnostics/jdiagnostics/1.0.7/jdiagnostics-1.0.7.pom from central
Downloading: org/whitesource/pecoff4j/0.0.2.1/pecoff4j-0.0.2.1.pom from central
Downloading: io/github/jeremylong/jcs3-slf4j/1.0.5/jcs3-slf4j-1.0.5.pom from central
Downloading: org/apache/commons/commons-jcs3-core/3.2.1/commons-jcs3-core-3.2.1.pom from central
Downloading: com/github/package-url/packageurl-java/1.5.0/packageurl-java-1.5.0.pom from central
Downloading: org/apache/commons/commons-jcs3/3.2.1/commons-jcs3-3.2.1.pom from central
Downloading: us/springett/cpe-parser/3.0.1/cpe-parser-3.0.1.pom from central
Downloading: org/semver4j/semver4j/5.8.0/semver4j-5.8.0.pom from central
Downloading: org/assertj/assertj-bom/3.27.6/assertj-bom-3.27.6.pom from central
Downloading: org/apache/commons/commons-parent/58/commons-parent-58.pom from central
Downloading: org/owasp/dependency-check-utils/12.2.0/dependency-check-utils-12.2.0.pom from central
Downloading: org/apache/commons/commons-collections4/4.5.0/commons-collections4-4.5.0.pom from central
Downloading: org/junit/junit-bom/5.9.3/junit-bom-5.9.3.pom from central
Downloading: commons-io/commons-io/2.21.0/commons-io-2.21.0.pom from central
Downloading: org/apache/commons/commons-compress/1.27.1/commons-compress-1.27.1.pom from central
Downloading: org/apache/commons/commons-lang3/3.20.0/commons-lang3-3.20.0.pom from central
Downloading: org/apache/commons/commons-parent/91/commons-parent-91.pom from central
Downloading: org/apache/commons/commons-parent/72/commons-parent-72.pom from central
Downloading: org/apache/commons/commons-text/1.15.0/commons-text-1.15.0.pom from central
Downloading: org/apache/commons/commons-dbcp2/2.14.0/commons-dbcp2-2.14.0.pom from central
Downloading: trptcolin/versioneer/0.2.0/versioneer-0.2.0.pom from clojars
Downloading: org/junit/junit-bom/5.11.0-M2/junit-bom-5.11.0-M2.pom from central
Downloading: org/apache/commons/commons-parent/93/commons-parent-93.pom from central
Downloading: org/apache/lucene/lucene-core/9.12.3/lucene-core-9.12.3.pom from central
Downloading: org/apache/lucene/lucene-analysis-common/9.12.3/lucene-analysis-common-9.12.3.pom from central
Downloading: org/slf4j/jul-to-slf4j/1.7.36/jul-to-slf4j-1.7.36.pom from central
Downloading: org/apache/lucene/lucene-queryparser/9.12.3/lucene-queryparser-9.12.3.pom from central
Downloading: com/h2database/h2/2.4.240/h2-2.4.240.pom from central
Downloading: org/apache/velocity/velocity-engine-core/2.4.1/velocity-engine-core-2.4.1.pom from central
Downloading: org/eclipse/parsson/jakarta.json/1.1.7/jakarta.json-1.1.7.pom from central
Downloading: org/jsoup/jsoup/1.22.1/jsoup-1.22.1.pom from central
Downloading: com/fasterxml/jackson/core/jackson-databind/2.20.1/jackson-databind-2.20.1.pom from central
Downloading: org/apache/velocity/velocity-engine-parent/2.4.1/velocity-engine-parent-2.4.1.pom from central
Downloading: org/eclipse/parsson/parsson-bundles/1.1.7/parsson-bundles-1.1.7.pom from central
Downloading: com/fasterxml/jackson/datatype/jackson-datatype-jsr310/2.20.1/jackson-datatype-jsr310-2.20.1.pom from central
Downloading: com/fasterxml/jackson/jackson-base/2.20.1/jackson-base-2.20.1.pom from central
Downloading: org/apache/velocity/velocity-master/7/velocity-master-7.pom from central
Downloading: com/fasterxml/jackson/module/jackson-modules-java8/2.20.1/jackson-modules-java8-2.20.1.pom from central
Downloading: org/eclipse/parsson/project/1.1.7/project-1.1.7.pom from central
Downloading: com/fasterxml/jackson/module/jackson-module-blackbird/2.20.1/jackson-module-blackbird-2.20.1.pom from central
Downloading: com/fasterxml/jackson/dataformat/jackson-dataformat-yaml/2.20.1/jackson-dataformat-yaml-2.20.1.pom from central
Downloading: com/h3xstream/retirejs/retirejs-core/3.0.4/retirejs-core-3.0.4.pom from central
Downloading: org/eclipse/ee4j/project/1.0.9/project-1.0.9.pom from central
Downloading: com/fasterxml/jackson/dataformat/jackson-dataformats-text/2.20.1/jackson-dataformats-text-2.20.1.pom from central
Downloading: com/fasterxml/jackson/module/jackson-modules-base/2.20.1/jackson-modules-base-2.20.1.pom from central
Downloading: com/h3xstream/retirejs/retirejs-root-pom/3.0.4/retirejs-root-pom-3.0.4.pom from central
Downloading: org/sonatype/ossindex/ossindex-service-client/1.8.2/ossindex-service-client-1.8.2.pom from central
Downloading: com/google/guava/guava/33.5.0-jre/guava-33.5.0-jre.pom from central
Downloading: com/moandjiezana/toml/toml4j/0.7.2/toml4j-0.7.2.pom from central
Downloading: org/sonatype/ossindex/ossindex-service/1.8.2/ossindex-service-1.8.2.pom from central
Downloading: com/hankcs/aho-corasick-double-array-trie/1.2.3/aho-corasick-double-array-trie-1.2.3.pom from central
Downloading: com/google/guava/guava-parent/33.5.0-jre/guava-parent-33.5.0-jre.pom from central
Downloading: org/sonatype/buildsupport/public-parent/28/public-parent-28.pom from central
Downloading: org/eclipse/packager/packager-rpm/0.21.0/packager-rpm-0.21.0.pom from central
Downloading: org/apache/httpcomponents/client5/httpclient5/5.5.1/httpclient5-5.5.1.pom from central
Downloading: org/apache/httpcomponents/core5/httpcore5/5.3.6/httpcore5-5.3.6.pom from central
Downloading: org/sonatype/buildsupport/buildsupport/28/buildsupport-28.pom from central
Downloading: org/eclipse/packager/packager/0.21.0/packager-0.21.0.pom from central
Downloading: org/apache/httpcomponents/client5/httpclient5-parent/5.5.1/httpclient5-parent-5.5.1.pom from central
Downloading: org/apache/httpcomponents/core5/httpcore5-parent/5.3.6/httpcore5-parent-5.3.6.pom from central
Downloading: org/sonatype/ossindex/ossindex-service-bom/1.8.2/ossindex-service-bom-1.8.2.pom from central
Downloading: com/fasterxml/jackson/core/jackson-core/2.20.1/jackson-core-2.20.1.pom from central
Downloading: org/apache/httpcomponents/httpcomponents-parent/14/httpcomponents-parent-14.pom from central
Downloading: org/apache/httpcomponents/httpcomponents-parent/13/httpcomponents-parent-13.pom from central
Downloading: com/fasterxml/jackson/core/jackson-annotations/2.20/jackson-annotations-2.20.pom from central
Downloading: org/junit/junit-bom/5.13.0/junit-bom-5.13.0.pom from central
Downloading: org/sonatype/goodies/package-url-java/1.2.0/package-url-java-1.2.0.pom from central
Downloading: joda-time/joda-time/2.14.0/joda-time-2.14.0.pom from central
Downloading: org/sonatype/ossindex/ossindex-service-api/1.8.2/ossindex-service-api-1.8.2.pom from central
Downloading: com/esotericsoftware/minlog/1.3.1/minlog-1.3.1.pom from central
Downloading: org/sonatype/buildsupport/public-parent/13/public-parent-13.pom from central
Downloading: com/vaadin/external/google/android-json/0.0.20131108.vaadin1/android-json-0.0.20131108.vaadin1.pom from central
Downloading: org/jspecify/jspecify/1.0.0/jspecify-1.0.0.pom from central
Downloading: org/sonatype/buildsupport/buildsupport/13/buildsupport-13.pom from central
Downloading: org/apache/httpcomponents/client5/httpclient5-cache/5.5.1/httpclient5-cache-5.5.1.pom from central
Downloading: com/samskivert/jmustache/1.16/jmustache-1.16.pom from central
Downloading: commons-codec/commons-codec/1.17.1/commons-codec-1.17.1.pom from central
Downloading: org/apache/commons/commons-pool2/2.13.0/commons-pool2-2.13.0.pom from central
Downloading: jakarta/transaction/jakarta.transaction-api/1.3.3/jakarta.transaction-api-1.3.3.pom from central
Downloading: org/apache/lucene/lucene-queries/9.12.3/lucene-queries-9.12.3.pom from central
Downloading: org/apache/commons/commons-parent/71/commons-parent-71.pom from central
Downloading: org/eclipse/ee4j/project/1.0.5/project-1.0.5.pom from central
Downloading: org/apache/lucene/lucene-sandbox/9.12.3/lucene-sandbox-9.12.3.pom from central
Downloading: org/yaml/snakeyaml/2.4/snakeyaml-2.4.pom from central
Downloading: com/github/spullara/mustache/java/compiler/0.9.6/compiler-0.9.6.pom from central
Downloading: com/google/code/gson/gson/2.9.0/gson-2.9.0.pom from central
Downloading: javax/xml/bind/jaxb-api/2.3.1/jaxb-api-2.3.1.pom from central
Downloading: com/google/guava/failureaccess/1.0.3/failureaccess-1.0.3.pom from central
Downloading: com/github/spullara/mustache/java/mustache.java/0.9.6/mustache.java-0.9.6.pom from central
Downloading: com/google/code/gson/gson-parent/2.9.0/gson-parent-2.9.0.pom from central
Downloading: javax/xml/bind/jaxb-api-parent/2.3.1/jaxb-api-parent-2.3.1.pom from central
Downloading: com/google/guava/guava-parent/33.4.0-android/guava-parent-33.4.0-android.pom from central
Downloading: com/google/guava/listenablefuture/9999.0-empty-to-avoid-conflict-with-guava/listenablefuture-9999.0-empty-to-avoid-conflict-with-guava.pom from central
Downloading: com/google/j2objc/j2objc-annotations/3.1/j2objc-annotations-3.1.pom from central
Downloading: org/tukaani/xz/1.9/xz-1.9.pom from central
Downloading: org/eclipse/packager/packager-core/0.21.0/packager-core-0.21.0.pom from central
Downloading: com/google/guava/guava-parent/26.0-android/guava-parent-26.0-android.pom from central
Downloading: org/apache/httpcomponents/core5/httpcore5-h2/5.3.6/httpcore5-h2-5.3.6.pom from central
Downloading: org/apache/lucene/lucene-facet/9.12.3/lucene-facet-9.12.3.pom from central
Downloading: javax/ws/rs/javax.ws.rs-api/2.0.1/javax.ws.rs-api-2.0.1.pom from central
Downloading: org/bouncycastle/bcprov-jdk18on/1.78/bcprov-jdk18on-1.78.pom from central
Downloading: org/bouncycastle/bcpg-jdk18on/1.78/bcpg-jdk18on-1.78.pom from central
Downloading: commons-codec/commons-codec/1.17.1/commons-codec-1.17.1.jar from central
Downloading: com/fasterxml/jackson/module/jackson-module-blackbird/2.20.1/jackson-module-blackbird-2.20.1.jar from central
Downloading: joda-time/joda-time/2.14.0/joda-time-2.14.0.jar from central
Downloading: org/apache/httpcomponents/core5/httpcore5-h2/5.3.6/httpcore5-h2-5.3.6.jar from central
Downloading: org/apache/commons/commons-compress/1.27.1/commons-compress-1.27.1.jar from central
Downloading: com/google/errorprone/error_prone_annotations/2.46.0/error_prone_annotations-2.46.0.jar from central
Downloading: org/apache/commons/commons-lang3/3.20.0/commons-lang3-3.20.0.jar from central
Downloading: com/esotericsoftware/minlog/1.3.1/minlog-1.3.1.jar from central
Downloading: org/tukaani/xz/1.9/xz-1.9.jar from central
Downloading: com/fasterxml/jackson/core/jackson-databind/2.20.1/jackson-databind-2.20.1.jar from central
Downloading: org/bouncycastle/bcpg-jdk18on/1.78/bcpg-jdk18on-1.78.jar from central
Downloading: com/h3xstream/retirejs/retirejs-core/3.0.4/retirejs-core-3.0.4.jar from central
Downloading: org/eclipse/packager/packager-rpm/0.21.0/packager-rpm-0.21.0.jar from central
Downloading: jakarta/transaction/jakarta.transaction-api/1.3.3/jakarta.transaction-api-1.3.3.jar from central
Downloading: org/apache/commons/commons-dbcp2/2.14.0/commons-dbcp2-2.14.0.jar from central
Downloading: org/apache/commons/commons-pool2/2.13.0/commons-pool2-2.13.0.jar from central
Downloading: com/fasterxml/jackson/dataformat/jackson-dataformat-yaml/2.20.1/jackson-dataformat-yaml-2.20.1.jar from central
Downloading: org/anarres/jdiagnostics/jdiagnostics/1.0.7/jdiagnostics-1.0.7.jar from central
Downloading: org/apache/lucene/lucene-analysis-common/9.12.3/lucene-analysis-common-9.12.3.jar from central
Downloading: org/jspecify/jspecify/1.0.0/jspecify-1.0.0.jar from central
Downloading: com/hankcs/aho-corasick-double-array-trie/1.2.3/aho-corasick-double-array-trie-1.2.3.jar from central
Downloading: com/h2database/h2/2.4.240/h2-2.4.240.jar from central
Downloading: clansi/clansi/1.0.0/clansi-1.0.0.jar from clojars
Downloading: org/apache/httpcomponents/client5/httpclient5-cache/5.5.1/httpclient5-cache-5.5.1.jar from central
Downloading: com/samskivert/jmustache/1.16/jmustache-1.16.jar from central
Downloading: commons-io/commons-io/2.21.0/commons-io-2.21.0.jar from central
Downloading: com/google/guava/listenablefuture/9999.0-empty-to-avoid-conflict-with-guava/listenablefuture-9999.0-empty-to-avoid-conflict-with-guava.jar from central
Downloading: rm-hull/table/0.7.1/table-0.7.1.jar from clojars
Downloading: org/owasp/dependency-check-core/12.2.0/dependency-check-core-12.2.0.jar from central
Downloading: com/github/spullara/mustache/java/compiler/0.9.6/compiler-0.9.6.jar from central
Downloading: com/vaadin/external/google/android-json/0.0.20131108.vaadin1/android-json-0.0.20131108.vaadin1.jar from central
Downloading: org/apache/velocity/velocity-engine-core/2.4.1/velocity-engine-core-2.4.1.jar from central
Downloading: org/slf4j/jul-to-slf4j/1.7.36/jul-to-slf4j-1.7.36.jar from central
Downloading: com/fasterxml/jackson/core/jackson-core/2.20.1/jackson-core-2.20.1.jar from central
Downloading: org/yaml/snakeyaml/2.4/snakeyaml-2.4.jar from central
Downloading: org/apache/commons/commons-jcs3-core/3.2.1/commons-jcs3-core-3.2.1.jar from central
Downloading: org/owasp/dependency-check-utils/12.2.0/dependency-check-utils-12.2.0.jar from central
Downloading: org/apache/lucene/lucene-facet/9.12.3/lucene-facet-9.12.3.jar from central
Downloading: trptcolin/versioneer/0.2.0/versioneer-0.2.0.jar from clojars
Downloading: org/apache/lucene/lucene-core/9.12.3/lucene-core-9.12.3.jar from central
Downloading: org/semver4j/semver4j/5.8.0/semver4j-5.8.0.jar from central
Downloading: org/slf4j/slf4j-simple/2.0.17/slf4j-simple-2.0.17.jar from central
Downloading: org/apache/lucene/lucene-queryparser/9.12.3/lucene-queryparser-9.12.3.jar from central
Downloading: org/bouncycastle/bcprov-jdk18on/1.78/bcprov-jdk18on-1.78.jar from central
Downloading: org/eclipse/packager/packager-core/0.21.0/packager-core-0.21.0.jar from central
Downloading: com/fasterxml/jackson/core/jackson-annotations/2.20/jackson-annotations-2.20.jar from central
Downloading: org/apache/commons/commons-text/1.15.0/commons-text-1.15.0.jar from central
Downloading: us/springett/cpe-parser/3.0.1/cpe-parser-3.0.1.jar from central
Downloading: org/apache/lucene/lucene-queries/9.12.3/lucene-queries-9.12.3.jar from central
Downloading: com/google/guava/failureaccess/1.0.3/failureaccess-1.0.3.jar from central
Downloading: com/google/guava/guava/33.5.0-jre/guava-33.5.0-jre.jar from central
Downloading: org/sonatype/ossindex/ossindex-service-api/1.8.2/ossindex-service-api-1.8.2.jar from central
Downloading: com/google/j2objc/j2objc-annotations/3.1/j2objc-annotations-3.1.jar from central
Downloading: nvd-clojure/nvd-clojure/5.3.0/nvd-clojure-5.3.0.jar from clojars
Downloading: org/eclipse/parsson/jakarta.json/1.1.7/jakarta.json-1.1.7.jar from central
Downloading: io/github/jeremylong/open-vulnerability-clients/9.0.2/open-vulnerability-clients-9.0.2.jar from central
Downloading: org/apache/httpcomponents/client5/httpclient5/5.5.1/httpclient5-5.5.1.jar from central
Downloading: org/jsoup/jsoup/1.22.1/jsoup-1.22.1.jar from central
Downloading: org/sonatype/ossindex/ossindex-service-client/1.8.2/ossindex-service-client-1.8.2.jar from central
Downloading: org/apache/lucene/lucene-sandbox/9.12.3/lucene-sandbox-9.12.3.jar from central
Downloading: org/apache/commons/commons-collections4/4.5.0/commons-collections4-4.5.0.jar from central
Downloading: io/github/jeremylong/jcs3-slf4j/1.0.5/jcs3-slf4j-1.0.5.jar from central
Downloading: org/apache/httpcomponents/core5/httpcore5/5.3.6/httpcore5-5.3.6.jar from central
Downloading: com/moandjiezana/toml/toml4j/0.7.2/toml4j-0.7.2.jar from central
Downloading: com/github/package-url/packageurl-java/1.5.0/packageurl-java-1.5.0.jar from central
Downloading: javax/ws/rs/javax.ws.rs-api/2.0.1/javax.ws.rs-api-2.0.1.jar from central
Downloading: org/sonatype/goodies/package-url-java/1.2.0/package-url-java-1.2.0.jar from central
Downloading: com/fasterxml/jackson/datatype/jackson-datatype-jsr310/2.20.1/jackson-datatype-jsr310-2.20.1.jar from central
Downloading: org/whitesource/pecoff4j/0.0.2.1/pecoff4j-0.0.2.1.jar from central
Downloading: javax/xml/bind/jaxb-api/2.3.1/jaxb-api-2.3.1.jar from central
Downloading: com/google/code/gson/gson/2.9.0/gson-2.9.0.jar from central
[2026-09-29 07:47:08.580] INFO nvd-clojure - User-provided config: {:delete-config? false, :group "com.github.pmonks", :name "bvpbot", :version "1.0.20260929", :nvd {:output-dir "../target/nvd"}}
[2026-09-29 07:47:09.650] WARN NexusAnalyzer - Disabling Nexus analyzer - please specify the URL to a Nexus Server
[2026-09-29 07:47:10.355] INFO Engine - Checking for updates
[2026-09-29 07:47:29.330] INFO NvdApiDataSource - NVD API has 398,901 records in this update
[2026-09-29 07:50:31.289] INFO NvdApiDataSource - Downloaded 10,000/398,901 (3%)
[2026-09-29 07:54:16.598] INFO NvdApiDataSource - Downloaded 20,000/398,901 (5%)
[2026-09-29 07:58:48.951] INFO NvdApiDataSource - Downloaded 30,000/398,901 (8%)
[2026-09-29 08:05:35.991] INFO NvdApiDataSource - Downloaded 40,000/398,901 (10%)
[2026-09-29 08:13:26.686] INFO NvdApiDataSource - Downloaded 50,000/398,901 (13%)
[2026-09-29 08:19:33.433] INFO NvdApiDataSource - Downloaded 60,000/398,903 (15%)
[2026-09-29 08:23:40.850] INFO NvdApiDataSource - Downloaded 70,000/398,903 (18%)
[2026-09-29 08:27:24.304] INFO NvdApiDataSource - Downloaded 80,000/398,903 (20%)
[2026-09-29 08:31:21.928] INFO NvdApiDataSource - Downloaded 90,000/398,903 (23%)
[2026-09-29 08:37:09.793] INFO NvdApiDataSource - Downloaded 100,000/398,903 (25%)
[2026-09-29 08:42:48.584] INFO NvdApiDataSource - Downloaded 110,000/398,903 (28%)
[2026-09-29 08:48:16.356] INFO NvdApiDataSource - Downloaded 120,000/398,903 (30%)
[2026-09-29 08:53:13.204] INFO NvdApiDataSource - Downloaded 130,000/398,903 (33%)
[2026-09-29 08:58:44.119] INFO NvdApiDataSource - Downloaded 140,000/398,903 (35%)
[2026-09-29 09:04:38.125] INFO NvdApiDataSource - Downloaded 150,000/398,903 (38%)
[2026-09-29 09:09:21.568] INFO NvdApiDataSource - Downloaded 160,000/398,903 (40%)
[2026-09-29 09:18:53.159] INFO NvdApiDataSource - Downloaded 170,000/398,912 (43%)
[2026-09-29 09:26:08.645] INFO NvdApiDataSource - Downloaded 180,000/398,912 (45%)
[2026-09-29 09:31:50.677] INFO NvdApiDataSource - Downloaded 190,000/398,912 (48%)
[2026-09-29 09:38:26.099] INFO NvdApiDataSource - Downloaded 200,000/398,912 (50%)
[2026-09-29 09:46:06.989] INFO NvdApiDataSource - Downloaded 210,000/398,912 (53%)
[2026-09-29 09:53:04.968] INFO NvdApiDataSource - Downloaded 220,000/398,912 (55%)
[2026-09-29 09:59:08.348] INFO NvdApiDataSource - Downloaded 230,000/398,912 (58%)
[2026-09-29 10:05:12.280] INFO NvdApiDataSource - Downloaded 240,000/398,912 (60%)
[2026-09-29 10:11:43.719] INFO NvdApiDataSource - Downloaded 250,000/398,912 (63%)
[2026-09-29 10:20:09.809] INFO NvdApiDataSource - Downloaded 260,000/398,951 (65%)
[2026-09-29 10:26:39.972] INFO NvdApiDataSource - Downloaded 270,000/398,951 (68%)
[2026-09-29 10:31:16.199] INFO NvdApiDataSource - Downloaded 280,000/398,951 (70%)
[2026-09-29 10:37:06.596] INFO NvdApiDataSource - Downloaded 290,000/398,951 (73%)
[2026-09-29 10:42:52.423] INFO NvdApiDataSource - Downloaded 300,000/398,951 (75%)
[2026-09-29 10:48:02.781] INFO NvdApiDataSource - Downloaded 310,000/398,951 (78%)
[2026-09-29 10:53:38.997] INFO NvdApiDataSource - Downloaded 320,000/398,951 (80%)
[2026-09-29 11:00:45.258] INFO NvdApiDataSource - Downloaded 330,000/398,951 (83%)
[2026-09-29 11:07:59.659] INFO NvdApiDataSource - Downloaded 340,000/398,951 (85%)
[2026-09-29 11:13:55.404] ERROR NvdApiProcessor - Failed to process CVE-2026-6785
org.owasp.dependencycheck.data.nvdcve.DatabaseException: Error updating 'CVE-2026-6785'; Value too long for column "URL CHARACTER VARYING(1000)": "'https://bugzilla.mozilla.org/buglist.cgi?bug_id=1935995%2C1999158%2C2015952%2C2... (1585)"; SQL statement:
INSERT INTO reference (cveid, name, url, source) VALUES (?, ?, ?, ?) [22001-240]
	at org.owasp.dependencycheck.data.nvdcve.CveDB.updateVulnerability(CveDB.java:1104)
	at org.owasp.dependencycheck.data.update.nvd.api.NvdApiProcessor.updateCveDb(NvdApiProcessor.java:119)
	at org.owasp.dependencycheck.data.update.nvd.api.NvdApiProcessor.call(NvdApiProcessor.java:96)
	at org.owasp.dependencycheck.data.update.nvd.api.NvdApiProcessor.call(NvdApiProcessor.java:40)
	at java.base/java.util.concurrent.FutureTask.run(FutureTask.java:328)
	at java.base/java.util.concurrent.ThreadPoolExecutor.runWorker(ThreadPoolExecutor.java:1090)
	at java.base/java.util.concurrent.ThreadPoolExecutor$Worker.run(ThreadPoolExecutor.java:614)
	at java.base/java.lang.Thread.run(Thread.java:1474)
[2026-09-29 11:13:55.407] ERROR NvdApiProcessor - Failed to process CVE-2026-6786
org.owasp.dependencycheck.data.nvdcve.DatabaseException: Error updating 'CVE-2026-6786'; Value too long for column "URL CHARACTER VARYING(1000)": "'https://bugzilla.mozilla.org/buglist.cgi?bug_id=2010727%2C2019004%2C2019224%2C2... (1115)"; SQL statement:
INSERT INTO reference (cveid, name, url, source) VALUES (?, ?, ?, ?) [22001-240]
	at org.owasp.dependencycheck.data.nvdcve.CveDB.updateVulnerability(CveDB.java:1104)
	at org.owasp.dependencycheck.data.update.nvd.api.NvdApiProcessor.updateCveDb(NvdApiProcessor.java:119)
	at org.owasp.dependencycheck.data.update.nvd.api.NvdApiProcessor.call(NvdApiProcessor.java:96)
	at org.owasp.dependencycheck.data.update.nvd.api.NvdApiProcessor.call(NvdApiProcessor.java:40)
	at java.base/java.util.concurrent.FutureTask.run(FutureTask.java:328)
	at java.base/java.util.concurrent.ThreadPoolExecutor.runWorker(ThreadPoolExecutor.java:1090)
	at java.base/java.util.concurrent.ThreadPoolExecutor$Worker.run(ThreadPoolExecutor.java:614)
	at java.base/java.lang.Thread.run(Thread.java:1474)
[2026-09-29 11:16:30.536] INFO NvdApiDataSource - Downloaded 350,000/398,951 (88%)
[2026-09-29 11:24:04.329] INFO NvdApiDataSource - Downloaded 360,000/398,952 (90%)
[2026-09-29 11:28:45.966] INFO NvdApiDataSource - Downloaded 370,000/398,952 (93%)
[2026-09-29 11:33:59.111] INFO NvdApiDataSource - Downloaded 380,000/398,952 (95%)
[2026-09-29 11:37:06.714] INFO NvdApiDataSource - Downloaded 390,000/398,952 (98%)
[2026-09-29 11:41:02.800] INFO NvdApiDataSource - Downloaded 398,952/398,952 (100%)
[2026-09-29 11:41:02.800] INFO NvdApiDataSource - Completed processing batch 1/200 (1%) in 1,211ms
[2026-09-29 11:41:02.800] INFO NvdApiDataSource - Completed processing batch 2/200 (1%) in 799ms
[2026-09-29 11:41:02.800] INFO NvdApiDataSource - Completed processing batch 3/200 (2%) in 742ms
[2026-09-29 11:41:02.800] INFO NvdApiDataSource - Completed processing batch 4/200 (2%) in 829ms
[2026-09-29 11:41:02.801] INFO NvdApiDataSource - Completed processing batch 5/200 (3%) in 809ms
[2026-09-29 11:41:02.801] INFO NvdApiDataSource - Completed processing batch 6/200 (3%) in 577ms
[2026-09-29 11:41:02.801] INFO NvdApiDataSource - Completed processing batch 7/200 (4%) in 539ms
[2026-09-29 11:41:02.801] INFO NvdApiDataSource - Completed processing batch 8/200 (4%) in 559ms
[2026-09-29 11:41:02.801] INFO NvdApiDataSource - Completed processing batch 9/200 (5%) in 568ms
[2026-09-29 11:41:02.801] INFO NvdApiDataSource - Completed processing batch 10/200 (5%) in 589ms
[2026-09-29 11:41:02.801] INFO NvdApiDataSource - Completed processing batch 11/200 (6%) in 523ms
[2026-09-29 11:41:02.801] INFO NvdApiDataSource - Completed processing batch 12/200 (6%) in 520ms
[2026-09-29 11:41:02.801] INFO NvdApiDataSource - Completed processing batch 13/200 (7%) in 491ms
[2026-09-29 11:41:02.801] INFO NvdApiDataSource - Completed processing batch 14/200 (7%) in 558ms
[2026-09-29 11:41:02.801] INFO NvdApiDataSource - Completed processing batch 15/200 (8%) in 558ms
[2026-09-29 11:41:02.801] INFO NvdApiDataSource - Completed processing batch 16/200 (8%) in 614ms
[2026-09-29 11:41:02.801] INFO NvdApiDataSource - Completed processing batch 17/200 (9%) in 692ms
[2026-09-29 11:41:02.801] INFO NvdApiDataSource - Completed processing batch 18/200 (9%) in 635ms
[2026-09-29 11:41:02.802] INFO NvdApiDataSource - Completed processing batch 19/200 (10%) in 737ms
[2026-09-29 11:41:02.802] INFO NvdApiDataSource - Completed processing batch 20/200 (10%) in 718ms
[2026-09-29 11:41:02.802] INFO NvdApiDataSource - Completed processing batch 21/200 (11%) in 765ms
[2026-09-29 11:41:02.802] INFO NvdApiDataSource - Completed processing batch 22/200 (11%) in 1,007ms
[2026-09-29 11:41:02.802] INFO NvdApiDataSource - Completed processing batch 23/200 (12%) in 1,130ms
[2026-09-29 11:41:02.802] INFO NvdApiDataSource - Completed processing batch 24/200 (12%) in 1,265ms
[2026-09-29 11:41:02.802] INFO NvdApiDataSource - Completed processing batch 25/200 (13%) in 1,286ms
[2026-09-29 11:41:02.802] INFO NvdApiDataSource - Completed processing batch 26/200 (13%) in 1,016ms
[2026-09-29 11:41:02.802] INFO NvdApiDataSource - Completed processing batch 27/200 (14%) in 958ms
[2026-09-29 11:41:02.804] INFO NvdApiDataSource - Completed processing batch 28/200 (14%) in 916ms
[2026-09-29 11:41:02.806] INFO NvdApiDataSource - Completed processing batch 29/200 (14%) in 1,052ms
[2026-09-29 11:41:02.806] INFO NvdApiDataSource - Completed processing batch 30/200 (15%) in 766ms
[2026-09-29 11:41:02.806] INFO NvdApiDataSource - Completed processing batch 31/200 (16%) in 748ms
[2026-09-29 11:41:02.806] INFO NvdApiDataSource - Completed processing batch 32/200 (16%) in 961ms
[2026-09-29 11:41:02.806] INFO NvdApiDataSource - Completed processing batch 33/200 (17%) in 506ms
[2026-09-29 11:41:02.806] INFO NvdApiDataSource - Completed processing batch 34/200 (17%) in 763ms
[2026-09-29 11:41:02.806] INFO NvdApiDataSource - Completed processing batch 35/200 (18%) in 511ms
[2026-09-29 11:41:02.806] INFO NvdApiDataSource - Completed processing batch 36/200 (18%) in 488ms
[2026-09-29 11:41:02.806] INFO NvdApiDataSource - Completed processing batch 37/200 (19%) in 422ms
[2026-09-29 11:41:02.806] INFO NvdApiDataSource - Completed processing batch 38/200 (19%) in 564ms
[2026-09-29 11:41:02.806] INFO NvdApiDataSource - Completed processing batch 39/200 (20%) in 508ms
[2026-09-29 11:41:02.806] INFO NvdApiDataSource - Completed processing batch 40/200 (20%) in 438ms
[2026-09-29 11:41:02.806] INFO NvdApiDataSource - Completed processing batch 41/200 (21%) in 423ms
[2026-09-29 11:41:02.806] INFO NvdApiDataSource - Completed processing batch 42/200 (21%) in 303ms
[2026-09-29 11:41:02.806] INFO NvdApiDataSource - Completed processing batch 43/200 (22%) in 584ms
[2026-09-29 11:41:02.807] INFO NvdApiDataSource - Completed processing batch 44/200 (22%) in 76ms
[2026-09-29 11:41:02.807] INFO NvdApiDataSource - Completed processing batch 45/200 (23%) in 107ms
[2026-09-29 11:41:02.807] INFO NvdApiDataSource - Completed processing batch 46/200 (23%) in 376ms
[2026-09-29 11:41:02.807] INFO NvdApiDataSource - Completed processing batch 47/200 (24%) in 439ms
[2026-09-29 11:41:02.807] INFO NvdApiDataSource - Completed processing batch 48/200 (24%) in 625ms
[2026-09-29 11:41:02.807] INFO NvdApiDataSource - Completed processing batch 49/200 (25%) in 428ms
[2026-09-29 11:41:02.807] INFO NvdApiDataSource - Completed processing batch 50/200 (25%) in 292ms
[2026-09-29 11:41:02.807] INFO NvdApiDataSource - Completed processing batch 51/200 (26%) in 704ms
[2026-09-29 11:41:02.807] INFO NvdApiDataSource - Completed processing batch 52/200 (26%) in 175ms
[2026-09-29 11:41:02.807] INFO NvdApiDataSource - Completed processing batch 53/200 (27%) in 487ms
[2026-09-29 11:41:02.807] INFO NvdApiDataSource - Completed processing batch 54/200 (27%) in 333ms
[2026-09-29 11:41:02.807] INFO NvdApiDataSource - Completed processing batch 55/200 (28%) in 334ms
[2026-09-29 11:41:02.807] INFO NvdApiDataSource - Completed processing batch 56/200 (28%) in 604ms
[2026-09-29 11:41:02.807] INFO NvdApiDataSource - Completed processing batch 57/200 (28%) in 294ms
[2026-09-29 11:41:02.807] INFO NvdApiDataSource - Completed processing batch 58/200 (29%) in 607ms
[2026-09-29 11:41:02.808] INFO NvdApiDataSource - Completed processing batch 59/200 (30%) in 288ms
[2026-09-29 11:41:02.808] INFO NvdApiDataSource - Completed processing batch 60/200 (30%) in 234ms
[2026-09-29 11:41:02.808] INFO NvdApiDataSource - Completed processing batch 61/200 (31%) in 323ms
[2026-09-29 11:41:02.808] INFO NvdApiDataSource - Completed processing batch 62/200 (31%) in 684ms
[2026-09-29 11:41:02.808] INFO NvdApiDataSource - Completed processing batch 63/200 (32%) in 331ms
[2026-09-29 11:41:02.808] INFO NvdApiDataSource - Completed processing batch 64/200 (32%) in 609ms
[2026-09-29 11:41:02.808] INFO NvdApiDataSource - Completed processing batch 65/200 (33%) in 300ms
[2026-09-29 11:41:02.808] INFO NvdApiDataSource - Completed processing batch 66/200 (33%) in 354ms
[2026-09-29 11:41:02.808] INFO NvdApiDataSource - Completed processing batch 67/200 (34%) in 270ms
[2026-09-29 11:41:02.808] INFO NvdApiDataSource - Completed processing batch 68/200 (34%) in 261ms
[2026-09-29 11:41:02.809] INFO NvdApiDataSource - Completed processing batch 69/200 (35%) in 291ms
[2026-09-29 11:41:02.809] INFO NvdApiDataSource - Completed processing batch 70/200 (35%) in 320ms
[2026-09-29 11:41:02.809] INFO NvdApiDataSource - Completed processing batch 71/200 (36%) in 300ms
[2026-09-29 11:41:02.809] INFO NvdApiDataSource - Completed processing batch 72/200 (36%) in 276ms
[2026-09-29 11:41:02.810] INFO NvdApiDataSource - Completed processing batch 73/200 (37%) in 657ms
[2026-09-29 11:41:02.810] INFO NvdApiDataSource - Completed processing batch 74/200 (37%) in 323ms
[2026-09-29 11:41:02.810] INFO NvdApiDataSource - Completed processing batch 75/200 (38%) in 268ms
[2026-09-29 11:41:02.810] INFO NvdApiDataSource - Completed processing batch 76/200 (38%) in 509ms
[2026-09-29 11:41:02.810] INFO NvdApiDataSource - Completed processing batch 77/200 (39%) in 256ms
[2026-09-29 11:41:02.810] INFO NvdApiDataSource - Completed processing batch 78/200 (39%) in 265ms
[2026-09-29 11:41:02.810] INFO NvdApiDataSource - Completed processing batch 79/200 (40%) in 303ms
[2026-09-29 11:41:02.810] INFO NvdApiDataSource - Completed processing batch 80/200 (40%) in 330ms
[2026-09-29 11:41:02.810] INFO NvdApiDataSource - Completed processing batch 81/200 (41%) in 477ms
[2026-09-29 11:41:02.810] INFO NvdApiDataSource - Completed processing batch 82/200 (41%) in 335ms
[2026-09-29 11:41:02.810] INFO NvdApiDataSource - Completed processing batch 83/200 (42%) in 265ms
[2026-09-29 11:41:02.810] INFO NvdApiDataSource - Completed processing batch 84/200 (42%) in 324ms
[2026-09-29 11:41:02.811] INFO NvdApiDataSource - Completed processing batch 85/200 (43%) in 255ms
[2026-09-29 11:41:02.811] INFO NvdApiDataSource - Completed processing batch 86/200 (43%) in 318ms
[2026-09-29 11:41:02.811] INFO NvdApiDataSource - Completed processing batch 87/200 (44%) in 317ms
[2026-09-29 11:41:02.811] INFO NvdApiDataSource - Completed processing batch 88/200 (44%) in 282ms
[2026-09-29 11:41:02.811] INFO NvdApiDataSource - Completed processing batch 89/200 (45%) in 202ms
[2026-09-29 11:41:02.811] INFO NvdApiDataSource - Completed processing batch 90/200 (45%) in 466ms
[2026-09-29 11:41:02.811] INFO NvdApiDataSource - Completed processing batch 91/200 (46%) in 316ms
[2026-09-29 11:41:02.811] INFO NvdApiDataSource - Completed processing batch 92/200 (46%) in 286ms
[2026-09-29 11:41:02.811] INFO NvdApiDataSource - Completed processing batch 93/200 (47%) in 370ms
[2026-09-29 11:41:02.811] INFO NvdApiDataSource - Completed processing batch 94/200 (47%) in 301ms
[2026-09-29 11:41:02.811] INFO NvdApiDataSource - Completed processing batch 95/200 (48%) in 283ms
[2026-09-29 11:41:02.811] INFO NvdApiDataSource - Completed processing batch 96/200 (48%) in 290ms
[2026-09-29 11:41:02.811] INFO NvdApiDataSource - Completed processing batch 97/200 (49%) in 301ms
[2026-09-29 11:41:02.812] INFO NvdApiDataSource - Completed processing batch 98/200 (49%) in 259ms
[2026-09-29 11:41:02.812] INFO NvdApiDataSource - Completed processing batch 99/200 (50%) in 259ms
[2026-09-29 11:41:02.812] INFO NvdApiDataSource - Completed processing batch 100/200 (50%) in 357ms
[2026-09-29 11:41:02.812] INFO NvdApiDataSource - Completed processing batch 101/200 (51%) in 273ms
[2026-09-29 11:41:02.812] INFO NvdApiDataSource - Completed processing batch 102/200 (51%) in 228ms
[2026-09-29 11:41:02.812] INFO NvdApiDataSource - Completed processing batch 103/200 (52%) in 253ms
[2026-09-29 11:41:02.812] INFO NvdApiDataSource - Completed processing batch 104/200 (52%) in 328ms
[2026-09-29 11:41:02.812] INFO NvdApiDataSource - Completed processing batch 105/200 (53%) in 220ms
[2026-09-29 11:41:02.812] INFO NvdApiDataSource - Completed processing batch 106/200 (53%) in 219ms
[2026-09-29 11:41:02.812] INFO NvdApiDataSource - Completed processing batch 107/200 (54%) in 304ms
[2026-09-29 11:41:02.812] INFO NvdApiDataSource - Completed processing batch 108/200 (54%) in 240ms
[2026-09-29 11:41:02.812] INFO NvdApiDataSource - Completed processing batch 109/200 (55%) in 342ms
[2026-09-29 11:41:02.812] INFO NvdApiDataSource - Completed processing batch 110/200 (55%) in 275ms
[2026-09-29 11:41:02.812] INFO NvdApiDataSource - Completed processing batch 111/200 (56%) in 331ms
[2026-09-29 11:41:02.812] INFO NvdApiDataSource - Completed processing batch 112/200 (56%) in 276ms
[2026-09-29 11:41:02.813] INFO NvdApiDataSource - Completed processing batch 113/200 (56%) in 208ms
[2026-09-29 11:41:02.813] INFO NvdApiDataSource - Completed processing batch 114/200 (57%) in 297ms
[2026-09-29 11:41:02.813] INFO NvdApiDataSource - Completed processing batch 115/200 (57%) in 294ms
[2026-09-29 11:41:02.813] INFO NvdApiDataSource - Completed processing batch 116/200 (58%) in 347ms
[2026-09-29 11:41:02.813] INFO NvdApiDataSource - Completed processing batch 117/200 (59%) in 262ms
[2026-09-29 11:41:02.813] INFO NvdApiDataSource - Completed processing batch 118/200 (59%) in 295ms
[2026-09-29 11:41:02.813] INFO NvdApiDataSource - Completed processing batch 119/200 (60%) in 336ms
[2026-09-29 11:41:02.813] INFO NvdApiDataSource - Completed processing batch 120/200 (60%) in 280ms
[2026-09-29 11:41:02.813] INFO NvdApiDataSource - Completed processing batch 121/200 (61%) in 500ms
[2026-09-29 11:41:02.813] INFO NvdApiDataSource - Completed processing batch 122/200 (61%) in 225ms
[2026-09-29 11:41:02.813] INFO NvdApiDataSource - Completed processing batch 123/200 (62%) in 195ms
[2026-09-29 11:41:02.813] INFO NvdApiDataSource - Completed processing batch 124/200 (62%) in 185ms
[2026-09-29 11:41:02.813] INFO NvdApiDataSource - Completed processing batch 125/200 (63%) in 174ms
[2026-09-29 11:41:02.814] INFO NvdApiDataSource - Completed processing batch 126/200 (63%) in 191ms
[2026-09-29 11:41:02.814] INFO NvdApiDataSource - Completed processing batch 127/200 (64%) in 248ms
[2026-09-29 11:41:02.814] INFO NvdApiDataSource - Completed processing batch 128/200 (64%) in 252ms
[2026-09-29 11:41:02.814] INFO NvdApiDataSource - Completed processing batch 129/200 (65%) in 251ms
[2026-09-29 11:41:02.814] INFO NvdApiDataSource - Completed processing batch 130/200 (65%) in 267ms
[2026-09-29 11:41:02.814] INFO NvdApiDataSource - Completed processing batch 131/200 (66%) in 283ms
[2026-09-29 11:41:02.814] INFO NvdApiDataSource - Completed processing batch 132/200 (66%) in 249ms
[2026-09-29 11:41:02.814] INFO NvdApiDataSource - Completed processing batch 133/200 (67%) in 255ms
[2026-09-29 11:41:02.814] INFO NvdApiDataSource - Completed processing batch 134/200 (67%) in 283ms
[2026-09-29 11:41:02.814] INFO NvdApiDataSource - Completed processing batch 135/200 (68%) in 252ms
[2026-09-29 11:41:02.814] INFO NvdApiDataSource - Completed processing batch 136/200 (68%) in 166ms
[2026-09-29 11:41:02.814] INFO NvdApiDataSource - Completed processing batch 137/200 (69%) in 135ms
[2026-09-29 11:41:02.814] INFO NvdApiDataSource - Completed processing batch 138/200 (69%) in 155ms
[2026-09-29 11:41:02.814] INFO NvdApiDataSource - Completed processing batch 139/200 (70%) in 165ms
[2026-09-29 11:41:02.814] INFO NvdApiDataSource - Completed processing batch 140/200 (70%) in 207ms
[2026-09-29 11:41:02.814] INFO NvdApiDataSource - Completed processing batch 141/200 (71%) in 251ms
[2026-09-29 11:41:02.814] INFO NvdApiDataSource - Completed processing batch 142/200 (71%) in 149ms
[2026-09-29 11:41:02.814] INFO NvdApiDataSource - Completed processing batch 143/200 (72%) in 206ms
[2026-09-29 11:41:02.814] INFO NvdApiDataSource - Completed processing batch 144/200 (72%) in 140ms
[2026-09-29 11:41:02.815] INFO NvdApiDataSource - Completed processing batch 145/200 (73%) in 201ms
[2026-09-29 11:41:02.815] INFO NvdApiDataSource - Completed processing batch 146/200 (73%) in 202ms
[2026-09-29 11:41:02.815] INFO NvdApiDataSource - Completed processing batch 147/200 (74%) in 231ms
[2026-09-29 11:41:02.815] INFO NvdApiDataSource - Completed processing batch 148/200 (74%) in 187ms
[2026-09-29 11:41:02.815] INFO NvdApiDataSource - Completed processing batch 149/200 (75%) in 216ms
[2026-09-29 11:41:02.815] INFO NvdApiDataSource - Completed processing batch 150/200 (75%) in 205ms
[2026-09-29 11:41:02.815] INFO NvdApiDataSource - Completed processing batch 151/200 (76%) in 178ms
[2026-09-29 11:41:02.815] INFO NvdApiDataSource - Completed processing batch 152/200 (76%) in 178ms
[2026-09-29 11:41:02.815] INFO NvdApiDataSource - Completed processing batch 153/200 (77%) in 207ms
[2026-09-29 11:41:02.815] INFO NvdApiDataSource - Completed processing batch 154/200 (77%) in 207ms
[2026-09-29 11:41:02.815] INFO NvdApiDataSource - Completed processing batch 155/200 (78%) in 185ms
[2026-09-29 11:41:02.815] INFO NvdApiDataSource - Completed processing batch 156/200 (78%) in 164ms
[2026-09-29 11:41:02.815] INFO NvdApiDataSource - Completed processing batch 157/200 (79%) in 196ms
[2026-09-29 11:41:02.815] INFO NvdApiDataSource - Completed processing batch 158/200 (79%) in 209ms
[2026-09-29 11:41:02.815] INFO NvdApiDataSource - Completed processing batch 159/200 (80%) in 169ms
[2026-09-29 11:41:02.815] INFO NvdApiDataSource - Completed processing batch 160/200 (80%) in 196ms
[2026-09-29 11:41:02.815] INFO NvdApiDataSource - Completed processing batch 161/200 (81%) in 179ms
[2026-09-29 11:41:02.815] INFO NvdApiDataSource - Completed processing batch 162/200 (81%) in 213ms
[2026-09-29 11:41:02.815] INFO NvdApiDataSource - Completed processing batch 163/200 (82%) in 93ms
[2026-09-29 11:41:02.815] INFO NvdApiDataSource - Completed processing batch 164/200 (82%) in 245ms
[2026-09-29 11:41:02.815] INFO NvdApiDataSource - Completed processing batch 165/200 (83%) in 169ms
[2026-09-29 11:41:02.816] INFO NvdApiDataSource - Completed processing batch 166/200 (83%) in 217ms
[2026-09-29 11:41:02.816] INFO NvdApiDataSource - Completed processing batch 167/200 (84%) in 166ms
[2026-09-29 11:41:02.816] INFO NvdApiDataSource - Completed processing batch 168/200 (84%) in 243ms
[2026-09-29 11:41:02.816] INFO NvdApiDataSource - Completed processing batch 169/200 (85%) in 241ms
[2026-09-29 11:41:02.816] INFO NvdApiDataSource - Completed processing batch 170/200 (85%) in 254ms
[2026-09-29 11:41:02.816] INFO NvdApiDataSource - Completed processing batch 171/200 (86%) in 311ms
[2026-09-29 11:41:02.816] INFO NvdApiDataSource - Completed processing batch 172/200 (86%) in 224ms
[2026-09-29 11:41:02.816] INFO NvdApiDataSource - Completed processing batch 173/200 (87%) in 206ms
[2026-09-29 11:41:02.816] INFO NvdApiDataSource - Completed processing batch 174/200 (87%) in 235ms
[2026-09-29 11:41:02.816] INFO NvdApiDataSource - Completed processing batch 175/200 (88%) in 196ms
[2026-09-29 11:41:02.816] INFO NvdApiDataSource - Completed processing batch 176/200 (88%) in 259ms
[2026-09-29 11:41:02.816] INFO NvdApiDataSource - Completed processing batch 177/200 (89%) in 133ms
[2026-09-29 11:41:02.816] INFO NvdApiDataSource - Completed processing batch 178/200 (89%) in 146ms
[2026-09-29 11:41:02.816] INFO NvdApiDataSource - Completed processing batch 179/200 (90%) in 163ms
[2026-09-29 11:41:02.816] INFO NvdApiDataSource - Completed processing batch 180/200 (90%) in 144ms
[2026-09-29 11:41:02.816] INFO NvdApiDataSource - Completed processing batch 181/200 (91%) in 137ms
[2026-09-29 11:41:02.816] INFO NvdApiDataSource - Completed processing batch 182/200 (91%) in 127ms
[2026-09-29 11:41:02.816] INFO NvdApiDataSource - Completed processing batch 183/200 (92%) in 122ms
[2026-09-29 11:41:02.816] INFO NvdApiDataSource - Completed processing batch 184/200 (92%) in 161ms
[2026-09-29 11:41:02.816] INFO NvdApiDataSource - Completed processing batch 185/200 (93%) in 178ms
[2026-09-29 11:41:02.816] INFO NvdApiDataSource - Completed processing batch 186/200 (93%) in 111ms
[2026-09-29 11:41:02.816] INFO NvdApiDataSource - Completed processing batch 187/200 (94%) in 123ms
[2026-09-29 11:41:02.817] INFO NvdApiDataSource - Completed processing batch 188/200 (94%) in 120ms
[2026-09-29 11:41:02.817] INFO NvdApiDataSource - Completed processing batch 189/200 (95%) in 87ms
[2026-09-29 11:41:02.817] INFO NvdApiDataSource - Completed processing batch 190/200 (95%) in 135ms
[2026-09-29 11:41:02.817] INFO NvdApiDataSource - Completed processing batch 191/200 (96%) in 96ms
[2026-09-29 11:41:02.817] INFO NvdApiDataSource - Completed processing batch 192/200 (96%) in 100ms
[2026-09-29 11:41:02.817] INFO NvdApiDataSource - Completed processing batch 193/200 (97%) in 73ms
[2026-09-29 11:41:02.817] INFO NvdApiDataSource - Completed processing batch 194/200 (97%) in 81ms
[2026-09-29 11:41:02.817] INFO NvdApiDataSource - Completed processing batch 195/200 (98%) in 163ms
[2026-09-29 11:41:02.817] INFO NvdApiDataSource - Completed processing batch 196/200 (98%) in 55ms
[2026-09-29 11:41:02.817] INFO NvdApiDataSource - Completed processing batch 197/200 (99%) in 86ms
[2026-09-29 11:41:02.817] INFO NvdApiDataSource - Completed processing batch 198/200 (99%) in 56ms
[2026-09-29 11:41:02.817] INFO NvdApiDataSource - Completed processing batch 199/200 (100%) in 57ms
[2026-09-29 11:41:02.821] INFO NvdApiDataSource - Completed processing batch 200/200 (100%) in 41ms
[2026-09-29 11:41:03.008] INFO KnownExploitedDataSource - Updating CISA Known Exploited Vulnerability list: https://www.cisa.gov/sites/default/files/feeds/known_exploited_vulnerabilities.json
[2026-09-29 11:41:03.326] INFO CveDB - Begin database defrag
[2026-09-29 11:41:08.613] INFO CveDB - End database defrag (5290 ms)
[2026-09-29 11:41:08.633] INFO Engine - Check for updates complete (14038278 ms)
[2026-09-29 11:41:08.730] INFO Engine - 

Dependency-Check is an open source tool performing a best effort analysis of 3rd party dependencies; false positives and false negatives may exist in the analysis performed by the tool. Use of the tool and the reporting provided constitutes acceptance for use in an AS IS condition, and there are NO warranties, implied or otherwise, with regard to the analysis or its use. Any use of the tool and the reporting provided is at the user's risk. In no event shall the copyright holder or OWASP be held liable for any damages whatsoever arising out of or in connection with the use of this tool, the analysis performed, or the resulting report.


   About ODC: https://dependency-check.github.io/DependencyCheck/general/internals.html
   False Positives: https://dependency-check.github.io/DependencyCheck/general/suppression.html


[2026-09-29 11:41:08.730] INFO Engine - Analysis Started
[2026-09-29 11:41:08.916] INFO Engine - Finished Archive Analyzer (0 seconds)
[2026-09-29 11:41:08.925] INFO Engine - Finished File Name Analyzer (0 seconds)
[2026-09-29 11:41:09.417] INFO Engine - Finished Jar Analyzer (0 seconds)
[2026-09-29 11:41:09.421] INFO Engine - Finished Central Analyzer (0 seconds)
[2026-09-29 11:41:09.424] INFO Engine - Finished Dependency Merging Analyzer (0 seconds)
[2026-09-29 11:41:09.679] INFO Engine - Finished Hint Analyzer (0 seconds)
[2026-09-29 11:41:09.682] INFO Engine - Finished Version Filter Analyzer (0 seconds)
WARNING: A restricted method in java.lang.foreign.Linker has been called
WARNING: java.lang.foreign.Linker::downcallHandle has been called by org.apache.lucene.store.PosixNativeAccess in an unnamed module (file:/home/runner/.m2/repository/org/apache/lucene/lucene-core/9.12.3/lucene-core-9.12.3.jar)
WARNING: Use --enable-native-access=ALL-UNNAMED to avoid a warning for callers in this module
WARNING: Restricted methods will be blocked in a future release unless native access is enabled

[2026-09-29 11:41:10.015] INFO MemorySegmentIndexInputProvider - Using MemorySegmentIndexInput and native madvise support with Java 21 or later; to disable start with -Dorg.apache.lucene.store.MMapDirectory.enableMemorySegments=false
[2026-09-29 11:41:10.094] WARN VectorizationProvider - You are running with Java 23 or later. To make full use of the Vector API, please update Apache Lucene.
[2026-09-29 11:41:11.369] INFO CPEAnalyzer - Created CPE Index (1 seconds)
[2026-09-29 11:41:12.185] INFO Engine - Finished CPE Analyzer (2 seconds)
[2026-09-29 11:41:12.192] INFO Engine - Finished False Positive Analyzer (0 seconds)
[2026-09-29 11:41:12.280] INFO Engine - Finished NVD CVE Analyzer (0 seconds)
[2026-09-29 11:41:12.281] WARN OssIndexAnalyzer - Disabling OSS Index analyzer due to missing user/password credentials. Authentication is now required: https://ossindex.sonatype.org/doc/auth-required
[2026-09-29 11:41:12.297] INFO Engine - Finished Vulnerability Suppression Analyzer (0 seconds)
[2026-09-29 11:41:12.319] INFO Engine - Finished Known Exploited Vulnerability Analyzer (0 seconds)
[2026-09-29 11:41:12.329] INFO Engine - Finished Dependency Bundling Analyzer (0 seconds)
[2026-09-29 11:41:12.330] INFO Engine - Finished Unused Suppression Rule Analyzer (0 seconds)
[2026-09-29 11:41:12.375] INFO Engine - Analysis Complete (3 seconds)
[2026-09-29 11:41:12.405] INFO ReportGenerator - Writing XML report to: /home/runner/work/bvpbot/bvpbot/.nvd/../target/nvd/dependency-check-report.xml
[2026-09-29 11:41:12.566] INFO ReportGenerator - Writing HTML report to: /home/runner/work/bvpbot/bvpbot/.nvd/../target/nvd/dependency-check-report.html
[2026-09-29 11:41:12.675] INFO ReportGenerator - Writing JSON report to: /home/runner/work/bvpbot/bvpbot/.nvd/../target/nvd/dependency-check-report.json
[2026-09-29 11:41:12.717] INFO ReportGenerator - Writing CSV report to: /home/runner/work/bvpbot/bvpbot/.nvd/../target/nvd/dependency-check-report.csv
[2026-09-29 11:41:12.726] INFO ReportGenerator - Writing SARIF report to: /home/runner/work/bvpbot/bvpbot/.nvd/../target/nvd/dependency-check-report.sarif
[2026-09-29 11:41:12.740] INFO ReportGenerator - Writing JENKINS report to: /home/runner/work/bvpbot/bvpbot/.nvd/../target/nvd/dependency-check-jenkins.html
[2026-09-29 11:41:12.757] INFO ReportGenerator - Writing JUNIT report to: /home/runner/work/bvpbot/bvpbot/.nvd/../target/nvd/dependency-check-junit.xml
[2026-09-29 11:41:12.772] INFO ReportGenerator - Writing GITLAB report to: /home/runner/work/bvpbot/bvpbot/.nvd/../target/nvd/dependency-check-gitlab.json
